// Jest Snapshot v1, https://goo.gl/fbAQLP

exports[`Page should pass all test renders children correctly 1`] = `
<DocumentFragment>
  <div
    class="makeStyles-root-1"
  >
    <main
      class="MuiContainer-root makeStyles-main-2 MuiContainer-maxWidthSm"
    >
      <div
        style="margin-bottom: 50px;"
      >
        <h2
          class="MuiTypography-root MuiTypography-h2 MuiTypography-alignCenter"
        >
          Messenger
        </h2>
      </div>
      <p>
        Hello World
      </p>
    </main>
    <footer
      class="makeStyles-footer-3"
    >
      <div
        class="MuiContainer-root MuiContainer-maxWidthSm"
      >
        <h6
          class="MuiTypography-root MuiTypography-subtitle1 MuiTypography-alignCenter"
        >
          Andr√© Gomes - jsonplaceholder-messages
        </h6>
      </div>
    </footer>
  </div>
</DocumentFragment>
`;
